[Licensing::Module] Trying to connect to existing licensing client channel...
Built from '6000.4/staging' branch; Version is '6000.4.6f1 (0b051c2e5d54) revision 722204'; Using compiler version '194234433'; Build Type 'Release'
OS: 'Windows 11  (10.0.26200) Core' Language: 'en' Physical Memory: 31861 MB
[Licensing::IpcConnector] Successfully connected to: "LicenseClient-User" at "2026-09-06T23:10:19.637764Z"
BatchMode: 1, IsHumanControllingUs: 0, StartBugReporterOnCrash: 0, Is64bit: 1
System  architecture: x64
Process architecture: x64
Date: 2026-09-06T23:10:19Z

COMMAND LINE ARGUMENTS:
C:\Program Files\Unity\Hub\Editor\6000.4.6f1\Editor\Unity.exe
-batchmode
-nographics
-quit
-projectPath
c:\Unity\Projects\AnimalChallengeDemo
-logFile
c:\Unity\Projects\AnimalChallengeDemo\compile.log
Successfully changed project path to: c:\Unity\Projects\AnimalChallengeDemo
C:/Unity/Projects/AnimalChallengeDemo
Exiting without the bug reporter. Application will terminate with return code 1